Archive member included to satisfy reference by file (symbol)

/Applications/STM32CubeIDE.app/Contents/Eclipse/plugins/com.st.stm32cube.ide.mcu.externaltools.gnu-tools-for-stm32.9-2020-q2-update.macos64_2.0.0.202105311346/tools/bin/../lib/gcc/arm-none-eabi/9.3.1/../../../../arm-none-eabi/lib/thumb/v7e-m+fp/hard/libc_nano.a(lib_a-errno.o)
                              ./Core/Src/syscalls.o (__errno)
/Applications/STM32CubeIDE.app/Contents/Eclipse/plugins/com.st.stm32cube.ide.mcu.externaltools.gnu-tools-for-stm32.9-2020-q2-update.macos64_2.0.0.202105311346/tools/bin/../lib/gcc/arm-none-eabi/9.3.1/../../../../arm-none-eabi/lib/thumb/v7e-m+fp/hard/libc_nano.a(lib_a-exit.o)
                              /Applications/STM32CubeIDE.app/Contents/Eclipse/plugins/com.st.stm32cube.ide.mcu.externaltools.gnu-tools-for-stm32.9-2020-q2-update.macos64_2.0.0.202105311346/tools/bin/../lib/gcc/arm-none-eabi/9.3.1/../../../../arm-none-eabi/lib/thumb/v7e-m+fp/hard/crt0.o (exit)
/Applications/STM32CubeIDE.app/Contents/Eclipse/plugins/com.st.stm32cube.ide.mcu.externaltools.gnu-tools-for-stm32.9-2020-q2-update.macos64_2.0.0.202105311346/tools/bin/../lib/gcc/arm-none-eabi/9.3.1/../../../../arm-none-eabi/lib/thumb/v7e-m+fp/hard/libc_nano.a(lib_a-impure.o)
                              /Applications/STM32CubeIDE.app/Contents/Eclipse/plugins/com.st.stm32cube.ide.mcu.externaltools.gnu-tools-for-stm32.9-2020-q2-update.macos64_2.0.0.202105311346/tools/bin/../lib/gcc/arm-none-eabi/9.3.1/../../../../arm-none-eabi/lib/thumb/v7e-m+fp/hard/libc_nano.a(lib_a-exit.o) (_global_impure_ptr)
/Applications/STM32CubeIDE.app/Contents/Eclipse/plugins/com.st.stm32cube.ide.mcu.externaltools.gnu-tools-for-stm32.9-2020-q2-update.macos64_2.0.0.202105311346/tools/bin/../lib/gcc/arm-none-eabi/9.3.1/../../../../arm-none-eabi/lib/thumb/v7e-m+fp/hard/libc_nano.a(lib_a-init.o)
                              /Applications/STM32CubeIDE.app/Contents/Eclipse/plugins/com.st.stm32cube.ide.mcu.externaltools.gnu-tools-for-stm32.9-2020-q2-update.macos64_2.0.0.202105311346/tools/bin/../lib/gcc/arm-none-eabi/9.3.1/../../../../arm-none-eabi/lib/thumb/v7e-m+fp/hard/crt0.o (__libc_init_array)
/Applications/STM32CubeIDE.app/Contents/Eclipse/plugins/com.st.stm32cube.ide.mcu.externaltools.gnu-tools-for-stm32.9-2020-q2-update.macos64_2.0.0.202105311346/tools/bin/../lib/gcc/arm-none-eabi/9.3.1/../../../../arm-none-eabi/lib/thumb/v7e-m+fp/hard/libc_nano.a(lib_a-memset.o)
                              /Applications/STM32CubeIDE.app/Contents/Eclipse/plugins/com.st.stm32cube.ide.mcu.externaltools.gnu-tools-for-stm32.9-2020-q2-update.macos64_2.0.0.202105311346/tools/bin/../lib/gcc/arm-none-eabi/9.3.1/../../../../arm-none-eabi/lib/thumb/v7e-m+fp/hard/crt0.o (memset)
/Applications/STM32CubeIDE.app/Contents/Eclipse/plugins/com.st.stm32cube.ide.mcu.externaltools.gnu-tools-for-stm32.9-2020-q2-update.macos64_2.0.0.202105311346/tools/bin/../lib/gcc/arm-none-eabi/9.3.1/../../../../arm-none-eabi/lib/thumb/v7e-m+fp/hard/libm.a(lib_a-w_atan2.o)
                              ./Core/Src/MPUXX50.o (atan2)
/Applications/STM32CubeIDE.app/Contents/Eclipse/plugins/com.st.stm32cube.ide.mcu.externaltools.gnu-tools-for-stm32.9-2020-q2-update.macos64_2.0.0.202105311346/tools/bin/../lib/gcc/arm-none-eabi/9.3.1/../../../../arm-none-eabi/lib/thumb/v7e-m+fp/hard/libm.a(lib_a-e_atan2.o)
                              /Applications/STM32CubeIDE.app/Contents/Eclipse/plugins/com.st.stm32cube.ide.mcu.externaltools.gnu-tools-for-stm32.9-2020-q2-update.macos64_2.0.0.202105311346/tools/bin/../lib/gcc/arm-none-eabi/9.3.1/../../../../arm-none-eabi/lib/thumb/v7e-m+fp/hard/libm.a(lib_a-w_atan2.o) (__ieee754_atan2)
/Applications/STM32CubeIDE.app/Contents/Eclipse/plugins/com.st.stm32cube.ide.mcu.externaltools.gnu-tools-for-stm32.9-2020-q2-update.macos64_2.0.0.202105311346/tools/bin/../lib/gcc/arm-none-eabi/9.3.1/../../../../arm-none-eabi/lib/thumb/v7e-m+fp/hard/libm.a(lib_a-s_atan.o)
                              /Applications/STM32CubeIDE.app/Contents/Eclipse/plugins/com.st.stm32cube.ide.mcu.externaltools.gnu-tools-for-stm32.9-2020-q2-update.macos64_2.0.0.202105311346/tools/bin/../lib/gcc/arm-none-eabi/9.3.1/../../../../arm-none-eabi/lib/thumb/v7e-m+fp/hard/libm.a(lib_a-e_atan2.o) (atan)
/Applications/STM32CubeIDE.app/Contents/Eclipse/plugins/com.st.stm32cube.ide.mcu.externaltools.gnu-tools-for-stm32.9-2020-q2-update.macos64_2.0.0.202105311346/tools/bin/../lib/gcc/arm-none-eabi/9.3.1/../../../../arm-none-eabi/lib/thumb/v7e-m+fp/hard/libm.a(lib_a-s_fabs.o)
                              /Applications/STM32CubeIDE.app/Contents/Eclipse/plugins/com.st.stm32cube.ide.mcu.externaltools.gnu-tools-for-stm32.9-2020-q2-update.macos64_2.0.0.202105311346/tools/bin/../lib/gcc/arm-none-eabi/9.3.1/../../../../arm-none-eabi/lib/thumb/v7e-m+fp/hard/libm.a(lib_a-e_atan2.o) (fabs)
[...]
Memory Configuration

Name             Origin             Length             Attributes
RAM              0x0000000020000000 0x0000000000018000 xrw
FLASH            0x0000000008000000 0x0000000000080000 xr
*default*        0x0000000000000000 0xffffffffffffffff

Linker script and memory map

LOAD /Applications/STM32CubeIDE.app/Contents/Eclipse/plugins/com.st.stm32cube.ide.mcu.externaltools.gnu-tools-for-stm32.9-2020-q2-update.macos64_2.0.0.202105311346/tools/bin/../lib/gcc/arm-none-eabi/9.3.1/thumb/v7e-m+fp/hard/crti.o
LOAD /Applications/STM32CubeIDE.app/Contents/Eclipse/plugins/com.st.stm32cube.ide.mcu.externaltools.gnu-tools-for-stm32.9-2020-q2-update.macos64_2.0.0.202105311346/tools/bin/../lib/gcc/arm-none-eabi/9.3.1/thumb/v7e-m+fp/hard/crtbegin.o
LOAD /Applications/STM32CubeIDE.app/Contents/Eclipse/plugins/com.st.stm32cube.ide.mcu.externaltools.gnu-tools-for-stm32.9-2020-q2-update.macos64_2.0.0.202105311346/tools/bin/../lib/gcc/arm-none-eabi/9.3.1/../../../../arm-none-eabi/lib/thumb/v7e-m+fp/hard/crt0.o
LOAD ./Core/Src/MPUXX50.o
LOAD ./Core/Src/gpio.o
LOAD ./Core/Src/i2c.o
LOAD ./Core/Src/main.o
LOAD ./Core/Src/stm32f4xx_hal_msp.o
LOAD ./Core/Src/stm32f4xx_it.o
LOAD ./Core/Src/syscalls.o
LOAD ./Core/Src/sysmem.o
LOAD ./Core/Src/system_stm32f4xx.o
LOAD ./Core/Src/tim.o
LOAD ./Core/Src/usart.o
LOAD ./Core/Startup/startup_stm32f401retx.o
LOAD ./Drivers/STM32F4xx_HAL_Driver/Src/stm32f4xx_hal.o
LOAD ./Drivers/STM32F4xx_HAL_Driver/Src/stm32f4xx_hal_cortex.o
LOAD ./Drivers/STM32F4xx_HAL_Driver/Src/stm32f4xx_hal_dma.o
LOAD ./Drivers/STM32F4xx_HAL_Driver/Src/stm32f4xx_hal_dma_ex.o
LOAD ./Drivers/STM32F4xx_HAL_Driver/Src/stm32f4xx_hal_exti.o
LOAD ./Drivers/STM32F4xx_HAL_Driver/Src/stm32f4xx_hal_flash.o
LOAD ./Drivers/STM32F4xx_HAL_Driver/Src/stm32f4xx_hal_flash_ex.o
LOAD ./Drivers/STM32F4xx_HAL_Driver/Src/stm32f4xx_hal_flash_ramfunc.o
LOAD ./Drivers/STM32F4xx_HAL_Driver/Src/stm32f4xx_hal_gpio.o
LOAD ./Drivers/STM32F4xx_HAL_Driver/Src/stm32f4xx_hal_i2c.o
LOAD ./Drivers/STM32F4xx_HAL_Driver/Src/stm32f4xx_hal_i2c_ex.o
LOAD ./Drivers/STM32F4xx_HAL_Driver/Src/stm32f4xx_hal_pwr.o
LOAD ./Drivers/STM32F4xx_HAL_Driver/Src/stm32f4xx_hal_pwr_ex.o
LOAD ./Drivers/STM32F4xx_HAL_Driver/Src/stm32f4xx_hal_rcc.o
LOAD ./Drivers/STM32F4xx_HAL_Driver/Src/stm32f4xx_hal_rcc_ex.o
LOAD ./Drivers/STM32F4xx_HAL_Driver/Src/stm32f4xx_hal_tim.o
LOAD ./Drivers/STM32F4xx_HAL_Driver/Src/stm32f4xx_hal_tim_ex.o
LOAD ./Drivers/STM32F4xx_HAL_Driver/Src/stm32f4xx_hal_uart.o
START GROUP
LOAD /Applications/STM32CubeIDE.app/Contents/Eclipse/plugins/com.st.stm32cube.ide.mcu.externaltools.gnu-tools-for-stm32.9-2020-q2-update.macos64_2.0.0.202105311346/tools/bin/../lib/gcc/arm-none-eabi/9.3.1/../../../../arm-none-eabi/lib/thumb/v7e-m+fp/hard/libc_nano.a
LOAD /Applications/STM32CubeIDE.app/Contents/Eclipse/plugins/com.st.stm32cube.ide.mcu.externaltools.gnu-tools-for-stm32.9-2020-q2-update.macos64_2.0.0.202105311346/tools/bin/../lib/gcc/arm-none-eabi/9.3.1/../../../../arm-none-eabi/lib/thumb/v7e-m+fp/hard/libm.a
END GROUP
START GROUP
LOAD /Applications/STM32CubeIDE.app/Contents/Eclipse/plugins/com.st.stm32cube.ide.mcu.externaltools.gnu-tools-for-stm32.9-2020-q2-update.macos64_2.0.0.202105311346/tools/bin/../lib/gcc/arm-none-eabi/9.3.1/thumb/v7e-m+fp/hard/libgcc.a
LOAD /Applications/STM32CubeIDE.app/Contents/Eclipse/plugins/com.st.stm32cube.ide.mcu.externaltools.gnu-tools-for-stm32.9-2020-q2-update.macos64_2.0.0.202105311346/tools/bin/../lib/gcc/arm-none-eabi/9.3.1/../../../../arm-none-eabi/lib/thumb/v7e-m+fp/hard/libc_nano.a
END GROUP
START GROUP
LOAD /Applications/STM32CubeIDE.app/Contents/Eclipse/plugins/com.st.stm32cube.ide.mcu.externaltools.gnu-tools-for-stm32.9-2020-q2-update.macos64_2.0.0.202105311346/tools/bin/../lib/gcc/arm-none-eabi/9.3.1/thumb/v7e-m+fp/hard/libgcc.a
LOAD /Applications/STM32CubeIDE.app/Contents/Eclipse/plugins/com.st.stm32cube.ide.mcu.externaltools.gnu-tools-for-stm32.9-2020-q2-update.macos64_2.0.0.202105311346/tools/bin/../lib/gcc/arm-none-eabi/9.3.1/../../../../arm-none-eabi/lib/thumb/v7e-m+fp/hard/libc_nano.a
LOAD /Applications/STM32CubeIDE.app/Contents/Eclipse/plugins/com.st.stm32cube.ide.mcu.externaltools.gnu-tools-for-stm32.9-2020-q2-update.macos64_2.0.0.202105311346/tools/bin/../lib/gcc/arm-none-eabi/9.3.1/../../../../arm-none-eabi/lib/thumb/v7e-m+fp/hard/libnosys.a
END GROUP
START GROUP
LOAD /Applications/STM32CubeIDE.app/Contents/Eclipse/plugins/com.st.stm32cube.ide.mcu.externaltools.gnu-tools-for-stm32.9-2020-q2-update.macos64_2.0.0.202105311346/tools/bin/../lib/gcc/arm-none-eabi/9.3.1/thumb/v7e-m+fp/hard/libgcc.a
LOAD /Applications/STM32CubeIDE.app/Contents/Eclipse/plugins/com.st.stm32cube.ide.mcu.externaltools.gnu-tools-for-stm32.9-2020-q2-update.macos64_2.0.0.202105311346/tools/bin/../lib/gcc/arm-none-eabi/9.3.1/../../../../arm-none-eabi/lib/thumb/v7e-m+fp/hard/libc_nano.a
LOAD /Applications/STM32CubeIDE.app/Contents/Eclipse/plugins/com.st.stm32cube.ide.mcu.externaltools.gnu-tools-for-stm32.9-2020-q2-update.macos64_2.0.0.202105311346/tools/bin/../lib/gcc/arm-none-eabi/9.3.1/../../../../arm-none-eabi/lib/thumb/v7e-m+fp/hard/libnosys.a
END GROUP
LOAD /Applications/STM32CubeIDE.app/Contents/Eclipse/plugins/com.st.stm32cube.ide.mcu.externaltools.gnu-tools-for-stm32.9-2020-q2-update.macos64_2.0.0.202105311346/tools/bin/../lib/gcc/arm-none-eabi/9.3.1/thumb/v7e-m+fp/hard/crtend.o
LOAD /Applications/STM32CubeIDE.app/Contents/Eclipse/plugins/com.st.stm32cube.ide.mcu.externaltools.gnu-tools-for-stm32.9-2020-q2-update.macos64_2.0.0.202105311346/tools/bin/../lib/gcc/arm-none-eabi/9.3.1/thumb/v7e-m+fp/hard/crtn.o
                0x0000000020018000                _estack = (ORIGIN (RAM) + LENGTH (RAM))
                0x0000000000000200                _Min_Heap_Size = 0x200
                0x0000000000000400                _Min_Stack_Size = 0x400

.isr_vector     0x0000000008000000      0x194
                0x0000000008000000                . = ALIGN (0x4)
 *(.isr_vector)
 .isr_vector    0x0000000008000000      0x194 ./Core/Startup/startup_stm32f401retx.o
                0x0000000008000000                g_pfnVectors
                0x0000000008000194                . = ALIGN (0x4)

.text           0x0000000008000194     0x36f4
                0x0000000008000194                . = ALIGN (0x4)
 *(.text)
 .text          0x0000000008000194       0x40 /Applications/STM32CubeIDE.app/Contents/Eclipse/plugins/com.st.stm32cube.ide.mcu.externaltools.gnu-tools-for-stm32.9-2020-q2-update.macos64_2.0.0.202105311346/tools/bin/../lib/gcc/arm-none-eabi/9.3.1/thumb/v7e-m+fp/hard/crtbegin.o
 .text          0x00000000080001d4       0x30 /Applications/STM32CubeIDE.app/Contents/Eclipse/plugins/com.st.stm32cube.ide.mcu.externaltools.gnu-tools-for-stm32.9-2020-q2-update.macos64_2.0.0.202105311346/tools/bin/../lib/gcc/arm-none-eabi/9.3.1/thumb/v7e-m+fp/hard/libgcc.a(_aeabi_uldivmod.o)
                0x00000000080001d4                __aeabi_uldivmod
 .text          0x0000000008000204      0x2c4 /Applications/STM32CubeIDE.app/Contents/Eclipse/plugins/com.st.stm32cube.ide.mcu.externaltools.gnu-tools-for-stm32.9-2020-q2-update.macos64_2.0.0.202105311346/tools/bin/../lib/gcc/arm-none-eabi/9.3.1/thumb/v7e-m+fp/hard/libgcc.a(_udivmoddi4.o)
                0x0000000008000204                __udivmoddi4
 .text          0x00000000080004c8        0x4 /Applications/STM32CubeIDE.app/Contents/Eclipse/plugins/com.st.stm32cube.ide.mcu.externaltools.gnu-tools-for-stm32.9-2020-q2-update.macos64_2.0.0.202105311346/tools/bin/../lib/gcc/arm-none-eabi/9.3.1/thumb/v7e-m+fp/hard/libgcc.a(_dvmd_tls.o)
                0x00000000080004c8                __aeabi_ldiv0
                0x00000000080004c8                __aeabi_idiv0
 *(.text*)
 .text.IMU_init
                0x00000000080004cc       0x40 ./Core/Src/MPUXX50.o
                0x00000000080004cc                IMU_init
 .text.IMU_begin
                0x000000000800050c       0x8c ./Core/Src/MPUXX50.o
                0x000000000800050c                IMU_begin
 .text.setAccFullScaleRange
                0x0000000008000598      0x124 ./Core/Src/MPUXX50.o
                0x0000000008000598                setAccFullScaleRange
 .text.setGyroFullScaleRange
                0x00000000080006bc       0x94 ./Core/Src/MPUXX50.o
                0x00000000080006bc                setGyroFullScaleRange
 .text.write2bytes
                0x0000000008000750       0x60 ./Core/Src/MPUXX50.o
                0x0000000008000750                write2bytes
 .text.MX_GPIO_Init
                0x00000000080007b0       0xdc ./Core/Src/gpio.o
                0x00000000080007b0                MX_GPIO_Init
 .text.MX_I2C1_Init
                0x000000000800088c       0x5c ./Core/Src/i2c.o
                0x000000000800088c                MX_I2C1_Init
 .text.HAL_I2C_MspInit
                0x00000000080008e8       0x90 ./Core/Src/i2c.o
                0x00000000080008e8                HAL_I2C_MspInit
 .text.main     0x0000000008000978       0x38 ./Core/Src/main.o
                0x0000000008000978                main
 .text.SystemClock_Config
                0x00000000080009b0       0xd8 ./Core/Src/main.o
                0x00000000080009b0                SystemClock_Config
 .text.HAL_TIM_PeriodElapsedCallback
                0x0000000008000a88       0x14 ./Core/Src/main.o
                0x0000000008000a88                HAL_TIM_PeriodElapsedCallback
 .text.Error_Handler
                0x0000000008000a9c        0xa ./Core/Src/main.o
                0x0000000008000a9c                Error_Handler
 *fill*         0x0000000008000aa6        0x2 
 .text.HAL_MspInit
                0x0000000008000aa8       0x50 ./Core/Src/stm32f4xx_hal_msp.o
                0x0000000008000aa8                HAL_MspInit
 .text.NMI_Handler
                0x0000000008000af8        0x6 ./Core/Src/stm32f4xx_it.o
                0x0000000008000af8                NMI_Handler
 .text.HardFault_Handler
                0x0000000008000afe        0x6 ./Core/Src/stm32f4xx_it.o
                0x0000000008000afe                HardFault_Handler
 .text.MemManage_Handler
                0x0000000008000b04        0x6 ./Core/Src/stm32f4xx_it.o
                0x0000000008000b04                MemManage_Handler
 .text.BusFault_Handler
                0x0000000008000b0a        0x6 ./Core/Src/stm32f4xx_it.o
                0x0000000008000b0a                BusFault_Handler
 .text.UsageFault_Handler
                0x0000000008000b10        0x6 ./Core/Src/stm32f4xx_it.o
                0x0000000008000b10                UsageFault_Handler
 .text.SVC_Handler
                0x0000000008000b16        0xe ./Core/Src/stm32f4xx_it.o
                0x0000000008000b16                SVC_Handler
 .text.DebugMon_Handler
                0x0000000008000b24        0xe ./Core/Src/stm32f4xx_it.o
                0x0000000008000b24                DebugMon_Handler
 .text.PendSV_Handler
                0x0000000008000b32        0xe ./Core/Src/stm32f4xx_it.o
                0x0000000008000b32                PendSV_Handler
 .text.SysTick_Handler
                0x0000000008000b40        0xc ./Core/Src/stm32f4xx_it.o
                0x0000000008000b40                SysTick_Handler
 .text.TIM1_TRG_COM_TIM11_IRQHandler
                0x0000000008000b4c       0x14 ./Core/Src/stm32f4xx_it.o
                0x0000000008000b4c                TIM1_TRG_COM_TIM11_IRQHandler
 .text.SystemInit
                0x0000000008000b60       0x24 ./Core/Src/system_stm32f4xx.o
                0x0000000008000b60                SystemInit
 .text.MX_TIM11_Init
                0x0000000008000b84       0x48 ./Core/Src/tim.o
                0x0000000008000b84                MX_TIM11_Init
 .text.HAL_TIM_Base_MspInit
                0x0000000008000bcc       0x50 ./Core/Src/tim.o
                0x0000000008000bcc                HAL_TIM_Base_MspInit
 .text.MX_USART2_UART_Init
                0x0000000008000c1c       0x54 ./Core/Src/usart.o
                0x0000000008000c1c                MX_USART2_UART_Init
 .text.HAL_UART_MspInit
                0x0000000008000c70       0x90 ./Core/Src/usart.o
                0x0000000008000c70                HAL_UART_MspInit
 .text.Reset_Handler
                0x0000000008000d00       0x50 ./Core/Startup/startup_stm32f401retx.o
                0x0000000008000d00                Reset_Handler
 .text.Default_Handler
                0x0000000008000d50        0x2 ./Core/Startup/startup_stm32f401retx.o
                0x0000000008000d50                DMA1_Stream3_IRQHandler
                0x0000000008000d50                EXTI2_IRQHandler
                0x0000000008000d50                SPI4_IRQHandler
                0x0000000008000d50                TIM1_CC_IRQHandler
                0x0000000008000d50                DMA2_Stream5_IRQHandler
                0x0000000008000d50                DMA1_Stream5_IRQHandler
                0x0000000008000d50                PVD_IRQHandler
                0x0000000008000d50                SDIO_IRQHandler
                0x0000000008000d50                TAMP_STAMP_IRQHandler
                0x0000000008000d50                EXTI3_IRQHandler
                0x0000000008000d50                TIM1_UP_TIM10_IRQHandler
                0x0000000008000d50                I2C3_ER_IRQHandler
                0x0000000008000d50                EXTI0_IRQHandler
                0x0000000008000d50                I2C2_EV_IRQHandler
                0x0000000008000d50                DMA1_Stream2_IRQHandler
                0x0000000008000d50                FPU_IRQHandler
                0x0000000008000d50                DMA2_Stream2_IRQHandler
                0x0000000008000d50                SPI1_IRQHandler
                0x0000000008000d50                TIM1_BRK_TIM9_IRQHandler
                0x0000000008000d50                DMA2_Stream3_IRQHandler
                0x0000000008000d50                USART6_IRQHandler
                0x0000000008000d50                DMA2_Stream0_IRQHandler
                0x0000000008000d50                TIM4_IRQHandler
                0x0000000008000d50                I2C1_EV_IRQHandler
                0x0000000008000d50                DMA1_Stream6_IRQHandler
                0x0000000008000d50                DMA1_Stream1_IRQHandler
                0x0000000008000d50                TIM3_IRQHandler
                0x0000000008000d50                RCC_IRQHandler
                0x0000000008000d50                Default_Handler
                0x0000000008000d50                EXTI15_10_IRQHandler
                0x0000000008000d50                ADC_IRQHandler
                0x0000000008000d50                DMA1_Stream7_IRQHandler
                0x0000000008000d50                TIM5_IRQHandler
                0x0000000008000d50                DMA2_Stream7_IRQHandler
                0x0000000008000d50                I2C3_EV_IRQHandler
                0x0000000008000d50                EXTI9_5_IRQHandler
                0x0000000008000d50                RTC_WKUP_IRQHandler
                0x0000000008000d50                SPI2_IRQHandler
                0x0000000008000d50                DMA1_Stream0_IRQHandler
                0x0000000008000d50                EXTI4_IRQHandler
                0x0000000008000d50                WWDG_IRQHandler
                0x0000000008000d50                TIM2_IRQHandler
                0x0000000008000d50                OTG_FS_WKUP_IRQHandler
                0x0000000008000d50                EXTI1_IRQHandler
                0x0000000008000d50                USART2_IRQHandler
                0x0000000008000d50                I2C2_ER_IRQHandler
                0x0000000008000d50                DMA2_Stream1_IRQHandler
                0x0000000008000d50                FLASH_IRQHandler
                0x0000000008000d50                DMA2_Stream4_IRQHandler
                0x0000000008000d50                USART1_IRQHandler
                0x0000000008000d50                OTG_FS_IRQHandler
                0x0000000008000d50                SPI3_IRQHandler
                0x0000000008000d50                DMA1_Stream4_IRQHandler
                0x0000000008000d50                I2C1_ER_IRQHandler
                0x0000000008000d50                DMA2_Stream6_IRQHandler
                0x0000000008000d50                RTC_Alarm_IRQHandler
 *fill*         0x0000000008000d52        0x2 
 .text.HAL_Init
                0x0000000008000d54       0x44 ./Drivers/STM32F4xx_HAL_Driver/Src/stm32f4xx_hal.o
                0x0000000008000d54                HAL_Init
 .text.HAL_InitTick
                0x0000000008000d98       0x60 ./Drivers/STM32F4xx_HAL_Driver/Src/stm32f4xx_hal.o
                0x0000000008000d98                HAL_InitTick
 .text.HAL_IncTick
                0x0000000008000df8       0x28 ./Drivers/STM32F4xx_HAL_Driver/Src/stm32f4xx_hal.o
                0x0000000008000df8                HAL_IncTick
 .text.HAL_GetTick
                0x0000000008000e20       0x18 ./Drivers/STM32F4xx_HAL_Driver/Src/stm32f4xx_hal.o
                0x0000000008000e20                HAL_GetTick
 .text.__NVIC_SetPriorityGrouping
                0x0000000008000e38       0x48 ./Drivers/STM32F4xx_HAL_Driver/Src/stm32f4xx_hal_cortex.o
 .text.__NVIC_GetPriorityGrouping
                0x0000000008000e80       0x1c ./Drivers/STM32F4xx_HAL_Driver/Src/stm32f4xx_hal_cortex.o
 .text.__NVIC_EnableIRQ
                0x0000000008000e9c       0x3c ./Drivers/STM32F4xx_HAL_Driver/Src/stm32f4xx_hal_cortex.o
 .text.__NVIC_SetPriority
                0x0000000008000ed8       0x54 ./Drivers/STM32F4xx_HAL_Driver/Src/stm32f4xx_hal_cortex.o
 .text.NVIC_EncodePriority
                0x0000000008000f2c       0x66 ./Drivers/STM32F4xx_HAL_Driver/Src/stm32f4xx_hal_cortex.o
 *fill*         0x0000000008000f92        0x2 
 .text.SysTick_Config
                0x0000000008000f94       0x44 ./Drivers/STM32F4xx_HAL_Driver/Src/stm32f4xx_hal_cortex.o
 .text.HAL_NVIC_SetPriorityGrouping
                0x0000000008000fd8       0x16 ./Drivers/STM32F4xx_HAL_Driver/Src/stm32f4xx_hal_cortex.o
                0x0000000008000fd8                HAL_NVIC_SetPriorityGrouping
 .text.HAL_NVIC_SetPriority
                0x0000000008000fee       0x38 ./Drivers/STM32F4xx_HAL_Driver/Src/stm32f4xx_hal_cortex.o
                0x0000000008000fee                HAL_NVIC_SetPriority
 .text.HAL_NVIC_EnableIRQ
                0x0000000008001026       0x1c ./Drivers/STM32F4xx_HAL_Driver/Src/stm32f4xx_hal_cortex.o
                0x0000000008001026                HAL_NVIC_EnableIRQ
 .text.HAL_SYSTICK_Config
                0x0000000008001042       0x18 ./Drivers/STM32F4xx_HAL_Driver/Src/stm32f4xx_hal_cortex.o
                0x0000000008001042                HAL_SYSTICK_Config
 *fill*         0x000000000800105a        0x2 
 .text.HAL_GPIO_Init
                0x000000000800105c      0x308 ./Drivers/STM32F4xx_HAL_Driver/Src/stm32f4xx_hal_gpio.o
                0x000000000800105c                HAL_GPIO_Init
 .text.HAL_GPIO_WritePin
                0x0000000008001364       0x32 ./Drivers/STM32F4xx_HAL_Driver/Src/stm32f4xx_hal_gpio.o
                0x0000000008001364                HAL_GPIO_WritePin
 *fill*         0x0000000008001396        0x2 
 .text.HAL_I2C_Init
                0x0000000008001398      0x288 ./Drivers/STM32F4xx_HAL_Driver/Src/stm32f4xx_hal_i2c.o
                0x0000000008001398                HAL_I2C_Init
 .text.HAL_I2C_Master_Transmit
                0x0000000008001620      0x1fc ./Drivers/STM32F4xx_HAL_Driver/Src/stm32f4xx_hal_i2c.o
                0x0000000008001620                HAL_I2C_Master_Transmit
 .text.HAL_I2C_Mem_Write
                0x000000000800181c      0x1f4 ./Drivers/STM32F4xx_HAL_Driver/Src/stm32f4xx_hal_i2c.o
                0x000000000800181c                HAL_I2C_Mem_Write
 .text.HAL_I2C_Mem_Read
                0x0000000008001a10      0x44c ./Drivers/STM32F4xx_HAL_Driver/Src/stm32f4xx_hal_i2c.o
                0x0000000008001a10                HAL_I2C_Mem_Read
 .text.I2C_MasterRequestWrite
                0x0000000008001e5c      0x104 ./Drivers/STM32F4xx_HAL_Driver/Src/stm32f4xx_hal_i2c.o
 .text.I2C_RequestMemoryWrite
                0x0000000008001f60      0x12c ./Drivers/STM32F4xx_HAL_Driver/Src/stm32f4xx_hal_i2c.o
 .text.I2C_RequestMemoryRead
                0x000000000800208c      0x1d0 ./Drivers/STM32F4xx_HAL_Driver/Src/stm32f4xx_hal_i2c.o
 .text.I2C_WaitOnFlagUntilTimeout
                0x000000000800225c       0xae ./Drivers/STM32F4xx_HAL_Driver/Src/stm32f4xx_hal_i2c.o
 .text.I2C_WaitOnMasterAddressFlagUntilTimeout
                0x000000000800230a       0xfe ./Drivers/STM32F4xx_HAL_Driver/Src/stm32f4xx_hal_i2c.o
 .text.I2C_WaitOnTXEFlagUntilTimeout
                0x0000000008002408       0x82 ./Drivers/STM32F4xx_HAL_Driver/Src/stm32f4xx_hal_i2c.o
 .text.I2C_WaitOnBTFFlagUntilTimeout
                0x000000000800248a       0x82 ./Drivers/STM32F4xx_HAL_Driver/Src/stm32f4xx_hal_i2c.o
 .text.I2C_WaitOnRXNEFlagUntilTimeout
                0x000000000800250c       0xac ./Drivers/STM32F4xx_HAL_Driver/Src/stm32f4xx_hal_i2c.o
 .text.I2C_IsAcknowledgeFailed
                0x00000000080025b8       0x5e ./Drivers/STM32F4xx_HAL_Driver/Src/stm32f4xx_hal_i2c.o
 *fill*         0x0000000008002616        0x2 
 .text.HAL_RCC_OscConfig
                0x0000000008002618      0x4f0 ./Drivers/STM32F4xx_HAL_Driver/Src/stm32f4xx_hal_rcc.o
                0x0000000008002618                HAL_RCC_OscConfig
 .text.HAL_RCC_ClockConfig
                0x0000000008002b08      0x1cc ./Drivers/STM32F4xx_HAL_Driver/Src/stm32f4xx_hal_rcc.o
                0x0000000008002b08                HAL_RCC_ClockConfig
 .text.HAL_RCC_GetSysClockFreq
                0x0000000008002cd4      0x1c4 ./Drivers/STM32F4xx_HAL_Driver/Src/stm32f4xx_hal_rcc.o
                0x0000000008002cd4                HAL_RCC_GetSysClockFreq
 .text.HAL_RCC_GetHCLKFreq
                0x0000000008002e98       0x18 ./Drivers/STM32F4xx_HAL_Driver/Src/stm32f4xx_hal_rcc.o
                0x0000000008002e98                HAL_RCC_GetHCLKFreq
 .text.HAL_RCC_GetPCLK1Freq
                0x0000000008002eb0       0x28 ./Drivers/STM32F4xx_HAL_Driver/Src/stm32f4xx_hal_rcc.o
                0x0000000008002eb0                HAL_RCC_GetPCLK1Freq
 .text.HAL_RCC_GetPCLK2Freq
                0x0000000008002ed8       0x28 ./Drivers/STM32F4xx_HAL_Driver/Src/stm32f4xx_hal_rcc.o
                0x0000000008002ed8                HAL_RCC_GetPCLK2Freq
 .text.HAL_TIM_Base_Init
                0x0000000008002f00       0x9e ./Drivers/STM32F4xx_HAL_Driver/Src/stm32f4xx_hal_tim.o
                0x0000000008002f00                HAL_TIM_Base_Init
 *fill*         0x0000000008002f9e        0x2 
 .text.HAL_TIM_Base_Start_IT
                0x0000000008002fa0       0xc4 ./Drivers/STM32F4xx_HAL_Driver/Src/stm32f4xx_hal_tim.o
                0x0000000008002fa0                HAL_TIM_Base_Start_IT
 .text.HAL_TIM_IRQHandler
                0x0000000008003064      0x210 ./Drivers/STM32F4xx_HAL_Driver/Src/stm32f4xx_hal_tim.o
                0x0000000008003064                HAL_TIM_IRQHandler
 .text.HAL_TIM_OC_DelayElapsedCallback
                0x0000000008003274       0x14 ./Drivers/STM32F4xx_HAL_Driver/Src/stm32f4xx_hal_tim.o
                0x0000000008003274                HAL_TIM_OC_DelayElapsedCallback
 .text.HAL_TIM_IC_CaptureCallback
                0x0000000008003288       0x14 ./Drivers/STM32F4xx_HAL_Driver/Src/stm32f4xx_hal_tim.o
                0x0000000008003288                HAL_TIM_IC_CaptureCallback
 .text.HAL_TIM_PWM_PulseFinishedCallback
                0x000000000800329c       0x14 ./Drivers/STM32F4xx_HAL_Driver/Src/stm32f4xx_hal_tim.o
                0x000000000800329c                HAL_TIM_PWM_PulseFinishedCallback
 .text.HAL_TIM_TriggerCallback
                0x00000000080032b0       0x14 ./Drivers/STM32F4xx_HAL_Driver/Src/stm32f4xx_hal_tim.o
                0x00000000080032b0                HAL_TIM_TriggerCallback
 .text.TIM_Base_SetConfig
                0x00000000080032c4      0x100 ./Drivers/STM32F4xx_HAL_Driver/Src/stm32f4xx_hal_tim.o
                0x00000000080032c4                TIM_Base_SetConfig
 .text.HAL_TIMEx_CommutCallback
                0x00000000080033c4       0x14 ./Drivers/STM32F4xx_HAL_Driver/Src/stm32f4xx_hal_tim_ex.o
                0x00000000080033c4                HAL_TIMEx_CommutCallback
 .text.HAL_TIMEx_BreakCallback
                0x00000000080033d8       0x14 ./Drivers/STM32F4xx_HAL_Driver/Src/stm32f4xx_hal_tim_ex.o
                0x00000000080033d8                HAL_TIMEx_BreakCallback
 .text.HAL_UART_Init
                0x00000000080033ec       0x9a ./Drivers/STM32F4xx_HAL_Driver/Src/stm32f4xx_hal_uart.o
                0x00000000080033ec                HAL_UART_Init
 *fill*         0x0000000008003486        0x2 
 .text.UART_SetConfig
                0x0000000008003488      0x390 ./Drivers/STM32F4xx_HAL_Driver/Src/stm32f4xx_hal_uart.o
 .text.__libc_init_array
                0x0000000008003818       0x48 /Applications/STM32CubeIDE.app/Contents/Eclipse/plugins/com.st.stm32cube.ide.mcu.externaltools.gnu-tools-for-stm32.9-2020-q2-update.macos64_2.0.0.202105311346/tools/bin/../lib/gcc/arm-none-eabi/9.3.1/../../../../arm-none-eabi/lib/thumb/v7e-m+fp/hard/libc_nano.a(lib_a-init.o)
                0x0000000008003818                __libc_init_array
 .text.memset   0x0000000008003860       0x10 /Applications/STM32CubeIDE.app/Contents/Eclipse/plugins/com.st.stm32cube.ide.mcu.externaltools.gnu-tools-for-stm32.9-2020-q2-update.macos64_2.0.0.202105311346/tools/bin/../lib/gcc/arm-none-eabi/9.3.1/../../../../arm-none-eabi/lib/thumb/v7e-m+fp/hard/libc_nano.a(lib_a-memset.o)
                0x0000000008003860                memset
 *(.glue_7)
 .glue_7        0x0000000008003870        0x0 linker stubs
 *(.glue_7t)
 .glue_7t       0x0000000008003870        0x0 linker stubs
 *(.eh_frame)
 .eh_frame      0x0000000008003870        0x0 /Applications/STM32CubeIDE.app/Contents/Eclipse/plugins/com.st.stm32cube.ide.mcu.externaltools.gnu-tools-for-stm32.9-2020-q2-update.macos64_2.0.0.202105311346/tools/bin/../lib/gcc/arm-none-eabi/9.3.1/thumb/v7e-m+fp/hard/crtbegin.o
 *(.init)
 .init          0x0000000008003870        0x4 /Applications/STM32CubeIDE.app/Contents/Eclipse/plugins/com.st.stm32cube.ide.mcu.externaltools.gnu-tools-for-stm32.9-2020-q2-update.macos64_2.0.0.202105311346/tools/bin/../lib/gcc/arm-none-eabi/9.3.1/thumb/v7e-m+fp/hard/crti.o
                0x0000000008003870                _init
 .init          0x0000000008003874        0x8 /Applications/STM32CubeIDE.app/Contents/Eclipse/plugins/com.st.stm32cube.ide.mcu.externaltools.gnu-tools-for-stm32.9-2020-q2-update.macos64_2.0.0.202105311346/tools/bin/../lib/gcc/arm-none-eabi/9.3.1/thumb/v7e-m+fp/hard/crtn.o
 *(.fini)
 .fini          0x000000000800387c        0x4 /Applications/STM32CubeIDE.app/Contents/Eclipse/plugins/com.st.stm32cube.ide.mcu.externaltools.gnu-tools-for-stm32.9-2020-q2-update.macos64_2.0.0.202105311346/tools/bin/../lib/gcc/arm-none-eabi/9.3.1/thumb/v7e-m+fp/hard/crti.o
                0x000000000800387c                _fini
 .fini          0x0000000008003880        0x8 /Applications/STM32CubeIDE.app/Contents/Eclipse/plugins/com.st.stm32cube.ide.mcu.externaltools.gnu-tools-for-stm32.9-2020-q2-update.macos64_2.0.0.202105311346/tools/bin/../lib/gcc/arm-none-eabi/9.3.1/thumb/v7e-m+fp/hard/crtn.o
                0x0000000008003888                . = ALIGN (0x4)
                0x0000000008003888                _etext = .

.vfp11_veneer   0x0000000008003888        0x0
 .vfp11_veneer  0x0000000008003888        0x0 linker stubs

.v4_bx          0x0000000008003888        0x0
 .v4_bx         0x0000000008003888        0x0 linker stubs

.iplt           0x0000000008003888        0x0
 .iplt          0x0000000008003888        0x0 /Applications/STM32CubeIDE.app/Contents/Eclipse/plugins/com.st.stm32cube.ide.mcu.externaltools.gnu-tools-for-stm32.9-2020-q2-update.macos64_2.0.0.202105311346/tools/bin/../lib/gcc/arm-none-eabi/9.3.1/thumb/v7e-m+fp/hard/crtbegin.o

.rodata         0x0000000008003888       0x18
                0x0000000008003888                . = ALIGN (0x4)
 *(.rodata)
 *(.rodata*)
 .rodata.AHBPrescTable
                0x0000000008003888       0x10 ./Core/Src/system_stm32f4xx.o
                0x0000000008003888                AHBPrescTable
 .rodata.APBPrescTable
                0x0000000008003898        0x8 ./Core/Src/system_stm32f4xx.o
                0x0000000008003898                APBPrescTable
                0x00000000080038a0                . = ALIGN (0x4)

.ARM.extab      0x00000000080038a0        0x0
                0x00000000080038a0                . = ALIGN (0x4)
 *(.ARM.extab* .gnu.linkonce.armextab.*)
                0x00000000080038a0                . = ALIGN (0x4)

.ARM            0x00000000080038a0        0x8
                0x00000000080038a0                . = ALIGN (0x4)
                0x00000000080038a0                __exidx_start = .
 *(.ARM.exidx*)
 .ARM.exidx     0x00000000080038a0        0x8 /Applications/STM32CubeIDE.app/Contents/Eclipse/plugins/com.st.stm32cube.ide.mcu.externaltools.gnu-tools-for-stm32.9-2020-q2-update.macos64_2.0.0.202105311346/tools/bin/../lib/gcc/arm-none-eabi/9.3.1/thumb/v7e-m+fp/hard/libgcc.a(_udivmoddi4.o)
                0x00000000080038a8                __exidx_end = .
                0x00000000080038a8                . = ALIGN (0x4)

.rel.dyn        0x00000000080038a8        0x0
 .rel.iplt      0x00000000080038a8        0x0 /Applications/STM32CubeIDE.app/Contents/Eclipse/plugins/com.st.stm32cube.ide.mcu.externaltools.gnu-tools-for-stm32.9-2020-q2-update.macos64_2.0.0.202105311346/tools/bin/../lib/gcc/arm-none-eabi/9.3.1/thumb/v7e-m+fp/hard/crtbegin.o

.preinit_array  0x00000000080038a8        0x0
                0x00000000080038a8                . = ALIGN (0x4)
                0x00000000080038a8                PROVIDE (__preinit_array_start = .)
 *(.preinit_array*)
                0x00000000080038a8                PROVIDE (__preinit_array_end = .)
                0x00000000080038a8                . = ALIGN (0x4)

.init_array     0x00000000080038a8        0x4
                0x00000000080038a8                . = ALIGN (0x4)
                0x00000000080038a8                PROVIDE (__init_array_start = .)
 *(SORT_BY_NAME(.init_array.*))
 *(.init_array*)
 .init_array    0x00000000080038a8        0x4 /Applications/STM32CubeIDE.app/Contents/Eclipse/plugins/com.st.stm32cube.ide.mcu.externaltools.gnu-tools-for-stm32.9-2020-q2-update.macos64_2.0.0.202105311346/tools/bin/../lib/gcc/arm-none-eabi/9.3.1/thumb/v7e-m+fp/hard/crtbegin.o
                0x00000000080038ac                PROVIDE (__init_array_end = .)
                0x00000000080038ac                . = ALIGN (0x4)

.fini_array     0x00000000080038ac        0x4
                0x00000000080038ac                . = ALIGN (0x4)
                [!provide]                        PROVIDE (__fini_array_start = .)
 *(SORT_BY_NAME(.fini_array.*))
 *(.fini_array*)
 .fini_array    0x00000000080038ac        0x4 /Applications/STM32CubeIDE.app/Contents/Eclipse/plugins/com.st.stm32cube.ide.mcu.externaltools.gnu-tools-for-stm32.9-2020-q2-update.macos64_2.0.0.202105311346/tools/bin/../lib/gcc/arm-none-eabi/9.3.1/thumb/v7e-m+fp/hard/crtbegin.o
                [!provide]                        PROVIDE (__fini_array_end = .)
                0x00000000080038b0                . = ALIGN (0x4)
                0x00000000080038b0                _sidata = LOADADDR (.data)

.data           0x0000000020000000        0xc load address 0x00000000080038b0
                0x0000000020000000                . = ALIGN (0x4)
                0x0000000020000000                _sdata = .
 *(.data)
 *(.data*)
 .data.SystemCoreClock
                0x0000000020000000        0x4 ./Core/Src/system_stm32f4xx.o
                0x0000000020000000                SystemCoreClock
 .data.uwTickPrio
                0x0000000020000004        0x4 ./Drivers/STM32F4xx_HAL_Driver/Src/stm32f4xx_hal.o
                0x0000000020000004                uwTickPrio
 .data.uwTickFreq
                0x0000000020000008        0x1 ./Drivers/STM32F4xx_HAL_Driver/Src/stm32f4xx_hal.o
                0x0000000020000008                uwTickFreq
 *(.RamFunc)
 *(.RamFunc*)
                0x000000002000000c                . = ALIGN (0x4)
 *fill*         0x0000000020000009        0x3 
                0x000000002000000c                _edata = .

.igot.plt       0x000000002000000c        0x0 load address 0x00000000080038bc
 .igot.plt      0x000000002000000c        0x0 /Applications/STM32CubeIDE.app/Contents/Eclipse/plugins/com.st.stm32cube.ide.mcu.externaltools.gnu-tools-for-stm32.9-2020-q2-update.macos64_2.0.0.202105311346/tools/bin/../lib/gcc/arm-none-eabi/9.3.1/thumb/v7e-m+fp/hard/crtbegin.o
                0x000000002000000c                . = ALIGN (0x4)

.bss            0x000000002000000c      0x16c load address 0x00000000080038bc
                0x000000002000000c                _sbss = .
                0x000000002000000c                __bss_start__ = _sbss
 *(.bss)
 .bss           0x000000002000000c       0x1c /Applications/STM32CubeIDE.app/Contents/Eclipse/plugins/com.st.stm32cube.ide.mcu.externaltools.gnu-tools-for-stm32.9-2020-q2-update.macos64_2.0.0.202105311346/tools/bin/../lib/gcc/arm-none-eabi/9.3.1/thumb/v7e-m+fp/hard/crtbegin.o
 *(.bss*)
 *(COMMON)
 COMMON         0x0000000020000028       0x6c ./Core/Src/MPUXX50.o
                0x0000000020000028                _aScale
                0x000000002000002c                sensorProcessed
                0x0000000020000044                attitude
                0x0000000020000050                _addr
                0x0000000020000054                aRes
                0x0000000020000058                gyroCal
                0x0000000020000064                buf
                0x0000000020000074                gRes
                0x0000000020000078                _gScale
                0x0000000020000079                ret
                0x000000002000007c                sensorRaw
 COMMON         0x0000000020000094       0x54 ./Core/Src/i2c.o
                0x0000000020000094                hi2c1
 COMMON         0x00000000200000e8       0x48 ./Core/Src/tim.o
                0x00000000200000e8                htim11
 COMMON         0x0000000020000130       0x44 ./Core/Src/usart.o
                0x0000000020000130                huart2
 COMMON         0x0000000020000174        0x4 ./Drivers/STM32F4xx_HAL_Driver/Src/stm32f4xx_hal.o
                0x0000000020000174                uwTick
                0x0000000020000178                . = ALIGN (0x4)
                0x0000000020000178                _ebss = .
                0x0000000020000178                __bss_end__ = _ebss

._user_heap_stack
                0x0000000020000178      0x600 load address 0x00000000080038bc
                0x0000000020000178                . = ALIGN (0x8)
                [!provide]                        PROVIDE (end = .)
                0x0000000020000178                PROVIDE (_end = .)
                0x0000000020000378                . = (. + _Min_Heap_Size)
 *fill*         0x0000000020000178      0x200 
                0x0000000020000778                . = (. + _Min_Stack_Size)
 *fill*         0x0000000020000378      0x400 
                0x0000000020000778                . = ALIGN (0x8)

/DISCARD/
 libc.a(*)
 libm.a(*)
 libgcc.a(*)

.ARM.attributes
                0x0000000000000000       0x30
 *(.ARM.attributes)
 .ARM.attributes
                0x0000000000000000       0x1e /Applications/STM32CubeIDE.app/Contents/Eclipse/plugins/com.st.stm32cube.ide.mcu.externaltools.gnu-tools-for-stm32.9-2020-q2-update.macos64_2.0.0.202105311346/tools/bin/../lib/gcc/arm-none-eabi/9.3.1/thumb/v7e-m+fp/hard/crti.o
 .ARM.attributes
                0x000000000000001e       0x34 /Applications/STM32CubeIDE.app/Contents/Eclipse/plugins/com.st.stm32cube.ide.mcu.externaltools.gnu-tools-for-stm32.9-2020-q2-update.macos64_2.0.0.202105311346/tools/bin/../lib/gcc/arm-none-eabi/9.3.1/thumb/v7e-m+fp/hard/crtbegin.o
 .ARM.attributes
                0x0000000000000052       0x34 ./Core/Src/MPUXX50.o
 .ARM.attributes
                0x0000000000000086       0x34 ./Core/Src/gpio.o
 .ARM.attributes
                0x00000000000000ba       0x34 ./Core/Src/i2c.o
 .ARM.attributes
                0x00000000000000ee       0x34 ./Core/Src/main.o
 .ARM.attributes
                0x0000000000000122       0x34 ./Core/Src/stm32f4xx_hal_msp.o
 .ARM.attributes
                0x0000000000000156       0x34 ./Core/Src/stm32f4xx_it.o
 .ARM.attributes
                0x000000000000018a       0x34 ./Core/Src/system_stm32f4xx.o
 .ARM.attributes
                0x00000000000001be       0x34 ./Core/Src/tim.o
 .ARM.attributes
                0x00000000000001f2       0x34 ./Core/Src/usart.o
 .ARM.attributes
                0x0000000000000226       0x21 ./Core/Startup/startup_stm32f401retx.o
 .ARM.attributes
                0x0000000000000247       0x34 ./Drivers/STM32F4xx_HAL_Driver/Src/stm32f4xx_hal.o
 .ARM.attributes
                0x000000000000027b       0x34 ./Drivers/STM32F4xx_HAL_Driver/Src/stm32f4xx_hal_cortex.o
 .ARM.attributes
                0x00000000000002af       0x34 ./Drivers/STM32F4xx_HAL_Driver/Src/stm32f4xx_hal_gpio.o
 .ARM.attributes
                0x00000000000002e3       0x34 ./Drivers/STM32F4xx_HAL_Driver/Src/stm32f4xx_hal_i2c.o
 .ARM.attributes
                0x0000000000000317       0x34 ./Drivers/STM32F4xx_HAL_Driver/Src/stm32f4xx_hal_rcc.o
 .ARM.attributes
                0x000000000000034b       0x34 ./Drivers/STM32F4xx_HAL_Driver/Src/stm32f4xx_hal_tim.o
 .ARM.attributes
                0x000000000000037f       0x34 ./Drivers/STM32F4xx_HAL_Driver/Src/stm32f4xx_hal_tim_ex.o
 .ARM.attributes
                0x00000000000003b3       0x34 ./Drivers/STM32F4xx_HAL_Driver/Src/stm32f4xx_hal_uart.o
 .ARM.attributes
                0x00000000000003e7       0x34 /Applications/STM32CubeIDE.app/Contents/Eclipse/plugins/com.st.stm32cube.ide.mcu.externaltools.gnu-tools-for-stm32.9-2020-q2-update.macos64_2.0.0.202105311346/tools/bin/../lib/gcc/arm-none-eabi/9.3.1/../../../../arm-none-eabi/lib/thumb/v7e-m+fp/hard/libc_nano.a(lib_a-init.o)
 .ARM.attributes
                0x000000000000041b       0x34 /Applications/STM32CubeIDE.app/Contents/Eclipse/plugins/com.st.stm32cube.ide.mcu.externaltools.gnu-tools-for-stm32.9-2020-q2-update.macos64_2.0.0.202105311346/tools/bin/../lib/gcc/arm-none-eabi/9.3.1/../../../../arm-none-eabi/lib/thumb/v7e-m+fp/hard/libc_nano.a(lib_a-memset.o)
 .ARM.attributes
                0x000000000000044f       0x1e /Applications/STM32CubeIDE.app/Contents/Eclipse/plugins/com.st.stm32cube.ide.mcu.externaltools.gnu-tools-for-stm32.9-2020-q2-update.macos64_2.0.0.202105311346/tools/bin/../lib/gcc/arm-none-eabi/9.3.1/thumb/v7e-m+fp/hard/libgcc.a(_aeabi_uldivmod.o)
 .ARM.attributes
                0x000000000000046d       0x34 /Applications/STM32CubeIDE.app/Contents/Eclipse/plugins/com.st.stm32cube.ide.mcu.externaltools.gnu-tools-for-stm32.9-2020-q2-update.macos64_2.0.0.202105311346/tools/bin/../lib/gcc/arm-none-eabi/9.3.1/thumb/v7e-m+fp/hard/libgcc.a(_udivmoddi4.o)
 .ARM.attributes
                0x00000000000004a1       0x1e /Applications/STM32CubeIDE.app/Contents/Eclipse/plugins/com.st.stm32cube.ide.mcu.externaltools.gnu-tools-for-stm32.9-2020-q2-update.macos64_2.0.0.202105311346/tools/bin/../lib/gcc/arm-none-eabi/9.3.1/thumb/v7e-m+fp/hard/libgcc.a(_dvmd_tls.o)
 .ARM.attributes
                0x00000000000004bf       0x1e /Applications/STM32CubeIDE.app/Contents/Eclipse/plugins/com.st.stm32cube.ide.mcu.externaltools.gnu-tools-for-stm32.9-2020-q2-update.macos64_2.0.0.202105311346/tools/bin/../lib/gcc/arm-none-eabi/9.3.1/thumb/v7e-m+fp/hard/crtn.o
OUTPUT(STM32-C.elf elf32-littlearm)
LOAD linker stubs
LOAD /Applications/STM32CubeIDE.app/Contents/Eclipse/plugins/com.st.stm32cube.ide.mcu.externaltools.gnu-tools-for-stm32.9-2020-q2-update.macos64_2.0.0.202105311346/tools/bin/../lib/gcc/arm-none-eabi/9.3.1/../../../../arm-none-eabi/lib/thumb/v7e-m+fp/hard/libc.a
LOAD /Applications/STM32CubeIDE.app/Contents/Eclipse/plugins/com.st.stm32cube.ide.mcu.externaltools.gnu-tools-for-stm32.9-2020-q2-update.macos64_2.0.0.202105311346/tools/bin/../lib/gcc/arm-none-eabi/9.3.1/../../../../arm-none-eabi/lib/thumb/v7e-m+fp/hard/libm.a
LOAD /Applications/STM32CubeIDE.app/Contents/Eclipse/plugins/com.st.stm32cube.ide.mcu.externaltools.gnu-tools-for-stm32.9-2020-q2-update.macos64_2.0.0.202105311346/tools/bin/../lib/gcc/arm-none-eabi/9.3.1/thumb/v7e-m+fp/hard/libgcc.a

.debug_info     0x0000000000000000    0x1291f
 .debug_info    0x0000000000000000     0x1317 ./Core/Src/MPUXX50.o
 .debug_info    0x0000000000001317      0x53e ./Core/Src/gpio.o
 .debug_info    0x0000000000001855      0xaaf ./Core/Src/i2c.o
 .debug_info    0x0000000000002304     0x1b51 ./Core/Src/main.o
 .debug_info    0x0000000000003e55      0x3c0 ./Core/Src/stm32f4xx_hal_msp.o
 .debug_info    0x0000000000004215      0x7f9 ./Core/Src/stm32f4xx_it.o
 .debug_info    0x0000000000004a0e      0x5d0 ./Core/Src/system_stm32f4xx.o
 .debug_info    0x0000000000004fde      0xb7d ./Core/Src/tim.o
 .debug_info    0x0000000000005b5b      0xa28 ./Core/Src/usart.o
 .debug_info    0x0000000000006583       0x22 ./Core/Startup/startup_stm32f401retx.o
 .debug_info    0x00000000000065a5      0x93d ./Drivers/STM32F4xx_HAL_Driver/Src/stm32f4xx_hal.o
 .debug_info    0x0000000000006ee2      0xe41 ./Drivers/STM32F4xx_HAL_Driver/Src/stm32f4xx_hal_cortex.o
 .debug_info    0x0000000000007d23      0x862 ./Drivers/STM32F4xx_HAL_Driver/Src/stm32f4xx_hal_gpio.o
 .debug_info    0x0000000000008585     0x2653 ./Drivers/STM32F4xx_HAL_Driver/Src/stm32f4xx_hal_i2c.o
 .debug_info    0x000000000000abd8      0x9bd ./Drivers/STM32F4xx_HAL_Driver/Src/stm32f4xx_hal_rcc.o
 .debug_info    0x000000000000b595     0x2c1a ./Drivers/STM32F4xx_HAL_Driver/Src/stm32f4xx_hal_tim.o
 .debug_info    0x000000000000e1af     0x159a ./Drivers/STM32F4xx_HAL_Driver/Src/stm32f4xx_hal_tim_ex.o
 .debug_info    0x000000000000f749     0x31d6 ./Drivers/STM32F4xx_HAL_Driver/Src/stm32f4xx_hal_uart.o

.debug_abbrev   0x0000000000000000     0x2409
 .debug_abbrev  0x0000000000000000      0x29a ./Core/Src/MPUXX50.o
 .debug_abbrev  0x000000000000029a      0x14e ./Core/Src/gpio.o
 .debug_abbrev  0x00000000000003e8      0x1bb ./Core/Src/i2c.o
 .debug_abbrev  0x00000000000005a3      0x2af ./Core/Src/main.o
 .debug_abbrev  0x0000000000000852      0x11d ./Core/Src/stm32f4xx_hal_msp.o
 .debug_abbrev  0x000000000000096f      0x187 ./Core/Src/stm32f4xx_it.o
 .debug_abbrev  0x0000000000000af6      0x145 ./Core/Src/system_stm32f4xx.o
 .debug_abbrev  0x0000000000000c3b      0x1cc ./Core/Src/tim.o
 .debug_abbrev  0x0000000000000e07      0x1bb ./Core/Src/usart.o
 .debug_abbrev  0x0000000000000fc2       0x12 ./Core/Startup/startup_stm32f401retx.o
 .debug_abbrev  0x0000000000000fd4      0x21e ./Drivers/STM32F4xx_HAL_Driver/Src/stm32f4xx_hal.o
 .debug_abbrev  0x00000000000011f2      0x33c ./Drivers/STM32F4xx_HAL_Driver/Src/stm32f4xx_hal_cortex.o
 .debug_abbrev  0x000000000000152e      0x1f1 ./Drivers/STM32F4xx_HAL_Driver/Src/stm32f4xx_hal_gpio.o
 .debug_abbrev  0x000000000000171f      0x293 ./Drivers/STM32F4xx_HAL_Driver/Src/stm32f4xx_hal_i2c.o
 .debug_abbrev  0x00000000000019b2      0x275 ./Drivers/STM32F4xx_HAL_Driver/Src/stm32f4xx_hal_rcc.o
 .debug_abbrev  0x0000000000001c27      0x26f ./Drivers/STM32F4xx_HAL_Driver/Src/stm32f4xx_hal_tim.o
 .debug_abbrev  0x0000000000001e96      0x277 ./Drivers/STM32F4xx_HAL_Driver/Src/stm32f4xx_hal_tim_ex.o
 .debug_abbrev  0x000000000000210d      0x2fc ./Drivers/STM32F4xx_HAL_Driver/Src/stm32f4xx_hal_uart.o

.debug_aranges  0x0000000000000000      0xee0
 .debug_aranges
                0x0000000000000000       0x60 ./Core/Src/MPUXX50.o
 .debug_aranges
                0x0000000000000060       0x20 ./Core/Src/gpio.o
 .debug_aranges
                0x0000000000000080       0x30 ./Core/Src/i2c.o
 .debug_aranges
                0x00000000000000b0       0x38 ./Core/Src/main.o
 .debug_aranges
                0x00000000000000e8       0x20 ./Core/Src/stm32f4xx_hal_msp.o
 .debug_aranges
                0x0000000000000108       0x68 ./Core/Src/stm32f4xx_it.o
 .debug_aranges
                0x0000000000000170       0x28 ./Core/Src/system_stm32f4xx.o
 .debug_aranges
                0x0000000000000198       0x30 ./Core/Src/tim.o
 .debug_aranges
                0x00000000000001c8       0x30 ./Core/Src/usart.o
 .debug_aranges
                0x00000000000001f8       0x28 ./Core/Startup/startup_stm32f401retx.o
 .debug_aranges
                0x0000000000000220       0xf0 ./Drivers/STM32F4xx_HAL_Driver/Src/stm32f4xx_hal.o
 .debug_aranges
                0x0000000000000310      0x118 ./Drivers/STM32F4xx_HAL_Driver/Src/stm32f4xx_hal_cortex.o
 .debug_aranges
                0x0000000000000428       0x58 ./Drivers/STM32F4xx_HAL_Driver/Src/stm32f4xx_hal_gpio.o
 .debug_aranges
                0x0000000000000480      0x2a0 ./Drivers/STM32F4xx_HAL_Driver/Src/stm32f4xx_hal_i2c.o
 .debug_aranges
                0x0000000000000720       0x88 ./Drivers/STM32F4xx_HAL_Driver/Src/stm32f4xx_hal_rcc.o
 .debug_aranges
                0x00000000000007a8      0x3d0 ./Drivers/STM32F4xx_HAL_Driver/Src/stm32f4xx_hal_tim.o
 .debug_aranges
                0x0000000000000b78      0x168 ./Drivers/STM32F4xx_HAL_Driver/Src/stm32f4xx_hal_tim_ex.o
 .debug_aranges
                0x0000000000000ce0      0x200 ./Drivers/STM32F4xx_HAL_Driver/Src/stm32f4xx_hal_uart.o

.debug_ranges   0x0000000000000000      0xe20
 .debug_ranges  0x0000000000000000       0x50 ./Core/Src/MPUXX50.o
 .debug_ranges  0x0000000000000050       0x10 ./Core/Src/gpio.o
 .debug_ranges  0x0000000000000060       0x20 ./Core/Src/i2c.o
 .debug_ranges  0x0000000000000080       0x28 ./Core/Src/main.o
 .debug_ranges  0x00000000000000a8       0x10 ./Core/Src/stm32f4xx_hal_msp.o
 .debug_ranges  0x00000000000000b8       0x58 ./Core/Src/stm32f4xx_it.o
 .debug_ranges  0x0000000000000110       0x18 ./Core/Src/system_stm32f4xx.o
 .debug_ranges  0x0000000000000128       0x20 ./Core/Src/tim.o
 .debug_ranges  0x0000000000000148       0x20 ./Core/Src/usart.o
 .debug_ranges  0x0000000000000168       0x20 ./Core/Startup/startup_stm32f401retx.o
 .debug_ranges  0x0000000000000188       0xe0 ./Drivers/STM32F4xx_HAL_Driver/Src/stm32f4xx_hal.o
 .debug_ranges  0x0000000000000268      0x108 ./Drivers/STM32F4xx_HAL_Driver/Src/stm32f4xx_hal_cortex.o
 .debug_ranges  0x0000000000000370       0x48 ./Drivers/STM32F4xx_HAL_Driver/Src/stm32f4xx_hal_gpio.o
 .debug_ranges  0x00000000000003b8      0x2b8 ./Drivers/STM32F4xx_HAL_Driver/Src/stm32f4xx_hal_i2c.o
 .debug_ranges  0x0000000000000670       0x78 ./Drivers/STM32F4xx_HAL_Driver/Src/stm32f4xx_hal_rcc.o
 .debug_ranges  0x00000000000006e8      0x3c0 ./Drivers/STM32F4xx_HAL_Driver/Src/stm32f4xx_hal_tim.o
 .debug_ranges  0x0000000000000aa8      0x158 ./Drivers/STM32F4xx_HAL_Driver/Src/stm32f4xx_hal_tim_ex.o
 .debug_ranges  0x0000000000000c00      0x220 ./Drivers/STM32F4xx_HAL_Driver/Src/stm32f4xx_hal_uart.o

.debug_macro    0x0000000000000000    0x176a9
 .debug_macro   0x0000000000000000      0x2c3 ./Core/Src/MPUXX50.o
 .debug_macro   0x00000000000002c3      0xaa8 ./Core/Src/MPUXX50.o
 .debug_macro   0x0000000000000d6b       0x22 ./Core/Src/MPUXX50.o
 .debug_macro   0x0000000000000d8d       0x8e ./Core/Src/MPUXX50.o
 .debug_macro   0x0000000000000e1b       0x51 ./Core/Src/MPUXX50.o
 .debug_macro   0x0000000000000e6c      0x103 ./Core/Src/MPUXX50.o
 .debug_macro   0x0000000000000f6f       0x6a ./Core/Src/MPUXX50.o
 .debug_macro   0x0000000000000fd9      0x1df ./Core/Src/MPUXX50.o
 .debug_macro   0x00000000000011b8       0x22 ./Core/Src/MPUXX50.o
 .debug_macro   0x00000000000011da       0x52 ./Core/Src/MPUXX50.o
 .debug_macro   0x000000000000122c       0x18 ./Core/Src/MPUXX50.o
 .debug_macro   0x0000000000001244       0x3c ./Core/Src/MPUXX50.o
 .debug_macro   0x0000000000001280       0x34 ./Core/Src/MPUXX50.o
 .debug_macro   0x00000000000012b4      0x174 ./Core/Src/MPUXX50.o
 .debug_macro   0x0000000000001428       0x16 ./Core/Src/MPUXX50.o
 .debug_macro   0x000000000000143e       0x43 ./Core/Src/MPUXX50.o
 .debug_macro   0x0000000000001481       0x34 ./Core/Src/MPUXX50.o
 .debug_macro   0x00000000000014b5       0x10 ./Core/Src/MPUXX50.o
 .debug_macro   0x00000000000014c5       0x58 ./Core/Src/MPUXX50.o
 .debug_macro   0x000000000000151d       0x71 ./Core/Src/MPUXX50.o
 .debug_macro   0x000000000000158e       0x1c ./Core/Src/MPUXX50.o
 .debug_macro   0x00000000000015aa      0x12a ./Core/Src/MPUXX50.o
 .debug_macro   0x00000000000016d4      0x339 ./Core/Src/MPUXX50.o
 .debug_macro   0x0000000000001a0d      0x1a9 ./Core/Src/MPUXX50.o
 .debug_macro   0x0000000000001bb6      0x2a1 ./Core/Src/MPUXX50.o
 .debug_macro   0x0000000000001e57       0x2e ./Core/Src/MPUXX50.o
 .debug_macro   0x0000000000001e85       0x28 ./Core/Src/MPUXX50.o
 .debug_macro   0x0000000000001ead       0x1c ./Core/Src/MPUXX50.o
 .debug_macro   0x0000000000001ec9       0x22 ./Core/Src/MPUXX50.o
 .debug_macro   0x0000000000001eeb       0xd9 ./Core/Src/MPUXX50.o
 .debug_macro   0x0000000000001fc4     0x102d ./Core/Src/MPUXX50.o
 .debug_macro   0x0000000000002ff1      0x11f ./Core/Src/MPUXX50.o
 .debug_macro   0x0000000000003110     0xb86c ./Core/Src/MPUXX50.o
 .debug_macro   0x000000000000e97c       0x6d ./Core/Src/MPUXX50.o
 .debug_macro   0x000000000000e9e9     0x3666 ./Core/Src/MPUXX50.o
 .debug_macro   0x000000000001204f       0x56 ./Core/Src/MPUXX50.o
 .debug_macro   0x00000000000120a5      0x416 ./Core/Src/MPUXX50.o
 .debug_macro   0x00000000000124bb      0x9fe ./Core/Src/MPUXX50.o
 .debug_macro   0x0000000000012eb9      0x116 ./Core/Src/MPUXX50.o
 .debug_macro   0x0000000000012fcf       0xf8 ./Core/Src/MPUXX50.o
 .debug_macro   0x00000000000130c7       0xa5 ./Core/Src/MPUXX50.o
 .debug_macro   0x000000000001316c      0x15f ./Core/Src/MPUXX50.o
 .debug_macro   0x00000000000132cb      0x287 ./Core/Src/MPUXX50.o
 .debug_macro   0x0000000000013552       0x5f ./Core/Src/MPUXX50.o
 .debug_macro   0x00000000000135b1      0x236 ./Core/Src/MPUXX50.o
 .debug_macro   0x00000000000137e7      0x132 ./Core/Src/MPUXX50.o
 .debug_macro   0x0000000000013919      0x264 ./Core/Src/MPUXX50.o
 .debug_macro   0x0000000000013b7d       0x2e ./Core/Src/MPUXX50.o
 .debug_macro   0x0000000000013bab      0x1b5 ./Core/Src/MPUXX50.o
 .debug_macro   0x0000000000013d60       0x22 ./Core/Src/MPUXX50.o
 .debug_macro   0x0000000000013d82       0xd6 ./Core/Src/MPUXX50.o
 .debug_macro   0x0000000000013e58      0x11a ./Core/Src/MPUXX50.o
 .debug_macro   0x0000000000013f72       0x85 ./Core/Src/MPUXX50.o
 .debug_macro   0x0000000000013ff7       0x89 ./Core/Src/MPUXX50.o
 .debug_macro   0x0000000000014080      0x8d1 ./Core/Src/MPUXX50.o
 .debug_macro   0x0000000000014951       0x47 ./Core/Src/MPUXX50.o
 .debug_macro   0x0000000000014998      0x295 ./Core/Src/MPUXX50.o
 .debug_macro   0x0000000000014c2d      0x126 ./Core/Src/MPUXX50.o
 .debug_macro   0x0000000000014d53       0x58 ./Core/Src/MPUXX50.o
 .debug_macro   0x0000000000014dab       0xc4 ./Core/Src/MPUXX50.o
 .debug_macro   0x0000000000014e6f      0x200 ./Core/Src/gpio.o
 .debug_macro   0x000000000001506f       0xdf ./Core/Src/gpio.o
 .debug_macro   0x000000000001514e       0x5c ./Core/Src/gpio.o
 .debug_macro   0x00000000000151aa      0x200 ./Core/Src/i2c.o
 .debug_macro   0x00000000000153aa      0x3d6 ./Core/Src/main.o
 .debug_macro   0x0000000000015780       0x4c ./Core/Src/main.o
 .debug_macro   0x00000000000157cc       0x94 ./Core/Src/main.o
 .debug_macro   0x0000000000015860       0x57 ./Core/Src/main.o
 .debug_macro   0x00000000000158b7       0x10 ./Core/Src/main.o
 .debug_macro   0x00000000000158c7       0x35 ./Core/Src/main.o
 .debug_macro   0x00000000000158fc       0x20 ./Core/Src/main.o
 .debug_macro   0x000000000001591c       0x1c ./Core/Src/main.o
 .debug_macro   0x0000000000015938       0x10 ./Core/Src/main.o
 .debug_macro   0x0000000000015948       0x10 ./Core/Src/main.o
 .debug_macro   0x0000000000015958       0x1c ./Core/Src/main.o
 .debug_macro   0x0000000000015974       0x52 ./Core/Src/main.o
 .debug_macro   0x00000000000159c6       0x22 ./Core/Src/main.o
 .debug_macro   0x00000000000159e8       0x10 ./Core/Src/main.o
 .debug_macro   0x00000000000159f8       0x40 ./Core/Src/main.o
 .debug_macro   0x0000000000015a38       0xd5 ./Core/Src/main.o
 .debug_macro   0x0000000000015b0d       0x1c ./Core/Src/main.o
 .debug_macro   0x0000000000015b29       0x3d ./Core/Src/main.o
 .debug_macro   0x0000000000015b66       0x16 ./Core/Src/main.o
 .debug_macro   0x0000000000015b7c      0x145 ./Core/Src/main.o
 .debug_macro   0x0000000000015cc1      0x1f6 ./Core/Src/stm32f4xx_hal_msp.o
 .debug_macro   0x0000000000015eb7      0x200 ./Core/Src/stm32f4xx_it.o
 .debug_macro   0x00000000000160b7      0x1e7 ./Core/Src/system_stm32f4xx.o
 .debug_macro   0x000000000001629e      0x200 ./Core/Src/tim.o
 .debug_macro   0x000000000001649e      0x200 ./Core/Src/usart.o
 .debug_macro   0x000000000001669e      0x247 ./Drivers/STM32F4xx_HAL_Driver/Src/stm32f4xx_hal.o
 .debug_macro   0x00000000000168e5      0x1e7 ./Drivers/STM32F4xx_HAL_Driver/Src/stm32f4xx_hal_cortex.o
 .debug_macro   0x0000000000016acc      0x1ed ./Drivers/STM32F4xx_HAL_Driver/Src/stm32f4xx_hal_gpio.o
 .debug_macro   0x0000000000016cb9      0x22e ./Drivers/STM32F4xx_HAL_Driver/Src/stm32f4xx_hal_i2c.o
 .debug_macro   0x0000000000016ee7      0x20b ./Drivers/STM32F4xx_HAL_Driver/Src/stm32f4xx_hal_rcc.o
 .debug_macro   0x00000000000170f2      0x1e8 ./Drivers/STM32F4xx_HAL_Driver/Src/stm32f4xx_hal_tim.o
 .debug_macro   0x00000000000172da      0x1e7 ./Drivers/STM32F4xx_HAL_Driver/Src/stm32f4xx_hal_tim_ex.o
 .debug_macro   0x00000000000174c1      0x1e8 ./Drivers/STM32F4xx_HAL_Driver/Src/stm32f4xx_hal_uart.o

.debug_line     0x0000000000000000    0x12d0f
 .debug_line    0x0000000000000000      0xb46 ./Core/Src/MPUXX50.o
 .debug_line    0x0000000000000b46      0x741 ./Core/Src/gpio.o
 .debug_line    0x0000000000001287      0x791 ./Core/Src/i2c.o
 .debug_line    0x0000000000001a18      0xa20 ./Core/Src/main.o
 .debug_line    0x0000000000002438      0x728 ./Core/Src/stm32f4xx_hal_msp.o
 .debug_line    0x0000000000002b60      0x802 ./Core/Src/stm32f4xx_it.o
 .debug_line    0x0000000000003362      0x7a9 ./Core/Src/system_stm32f4xx.o
 .debug_line    0x0000000000003b0b      0x775 ./Core/Src/tim.o
 .debug_line    0x0000000000004280      0x791 ./Core/Src/usart.o
 .debug_line    0x0000000000004a11       0x88 ./Core/Startup/startup_stm32f401retx.o
 .debug_line    0x0000000000004a99      0xa0f ./Drivers/STM32F4xx_HAL_Driver/Src/stm32f4xx_hal.o
 .debug_line    0x00000000000054a8      0xcbe ./Drivers/STM32F4xx_HAL_Driver/Src/stm32f4xx_hal_cortex.o
 .debug_line    0x0000000000006166      0xb49 ./Drivers/STM32F4xx_HAL_Driver/Src/stm32f4xx_hal_gpio.o
 .debug_line    0x0000000000006caf     0x39bb ./Drivers/STM32F4xx_HAL_Driver/Src/stm32f4xx_hal_i2c.o
 .debug_line    0x000000000000a66a      0xd8b ./Drivers/STM32F4xx_HAL_Driver/Src/stm32f4xx_hal_rcc.o
 .debug_line    0x000000000000b3f5     0x34dd ./Drivers/STM32F4xx_HAL_Driver/Src/stm32f4xx_hal_tim.o
 .debug_line    0x000000000000e8d2     0x19a7 ./Drivers/STM32F4xx_HAL_Driver/Src/stm32f4xx_hal_tim_ex.o
 .debug_line    0x0000000000010279     0x2a96 ./Drivers/STM32F4xx_HAL_Driver/Src/stm32f4xx_hal_uart.o

.debug_str      0x0000000000000000    0x905e1
 .debug_str     0x0000000000000000    0x8b755 ./Core/Src/MPUXX50.o
                                      0x8bb28 (size before relaxing)
 .debug_str     0x000000000008b755      0x1cf ./Core/Src/gpio.o
                                      0x87a7e (size before relaxing)
 .debug_str     0x000000000008b924       0x4b ./Core/Src/i2c.o
                                      0x87f83 (size before relaxing)
 .debug_str     0x000000000008b96f     0x1585 ./Core/Src/main.o
                                      0x8d158 (size before relaxing)
 .debug_str     0x000000000008cef4       0x2c ./Core/Src/stm32f4xx_hal_msp.o
                                      0x879e1 (size before relaxing)
 .debug_str     0x000000000008cf20       0xdb ./Core/Src/stm32f4xx_it.o
                                      0x87ea3 (size before relaxing)
 .debug_str     0x000000000008cffb       0xaf ./Core/Src/system_stm32f4xx.o
                                      0x8792d (size before relaxing)
 .debug_str     0x000000000008d0aa      0x3dd ./Core/Src/tim.o
                                      0x882f5 (size before relaxing)
 .debug_str     0x000000000008d487       0x57 ./Core/Src/usart.o
                                      0x87ee3 (size before relaxing)
 .debug_str     0x000000000008d4de       0x36 ./Core/Startup/startup_stm32f401retx.o
                                         0x84 (size before relaxing)
 .debug_str     0x000000000008d514      0x57b ./Drivers/STM32F4xx_HAL_Driver/Src/stm32f4xx_hal.o
                                      0x882ad (size before relaxing)
 .debug_str     0x000000000008da8f      0x399 ./Drivers/STM32F4xx_HAL_Driver/Src/stm32f4xx_hal_cortex.o
                                      0x8808a (size before relaxing)
 .debug_str     0x000000000008de28      0x15f ./Drivers/STM32F4xx_HAL_Driver/Src/stm32f4xx_hal_gpio.o
                                      0x87ad4 (size before relaxing)
 .debug_str     0x000000000008df87      0xac3 ./Drivers/STM32F4xx_HAL_Driver/Src/stm32f4xx_hal_i2c.o
                                      0x888a2 (size before relaxing)
 .debug_str     0x000000000008ea4a      0x24e ./Drivers/STM32F4xx_HAL_Driver/Src/stm32f4xx_hal_rcc.o
                                      0x87d2f (size before relaxing)
 .debug_str     0x000000000008ec98      0xe1b ./Drivers/STM32F4xx_HAL_Driver/Src/stm32f4xx_hal_tim.o
                                      0x88c4a (size before relaxing)
 .debug_str     0x000000000008fab3      0x538 ./Drivers/STM32F4xx_HAL_Driver/Src/stm32f4xx_hal_tim_ex.o
                                      0x883fb (size before relaxing)
 .debug_str     0x000000000008ffeb      0x5f6 ./Drivers/STM32F4xx_HAL_Driver/Src/stm32f4xx_hal_uart.o
                                      0x882a3 (size before relaxing)

.comment        0x0000000000000000       0x53
 .comment       0x0000000000000000       0x53 ./Core/Src/MPUXX50.o
                                         0x54 (size before relaxing)
 .comment       0x0000000000000053       0x54 ./Core/Src/gpio.o
 .comment       0x0000000000000053       0x54 ./Core/Src/i2c.o
 .comment       0x0000000000000053       0x54 ./Core/Src/main.o
 .comment       0x0000000000000053       0x54 ./Core/Src/stm32f4xx_hal_msp.o
 .comment       0x0000000000000053       0x54 ./Core/Src/stm32f4xx_it.o
 .comment       0x0000000000000053       0x54 ./Core/Src/system_stm32f4xx.o
 .comment       0x0000000000000053       0x54 ./Core/Src/tim.o
 .comment       0x0000000000000053       0x54 ./Core/Src/usart.o
 .comment       0x0000000000000053       0x54 ./Drivers/STM32F4xx_HAL_Driver/Src/stm32f4xx_hal.o
 .comment       0x0000000000000053       0x54 ./Drivers/STM32F4xx_HAL_Driver/Src/stm32f4xx_hal_cortex.o
 .comment       0x0000000000000053       0x54 ./Drivers/STM32F4xx_HAL_Driver/Src/stm32f4xx_hal_gpio.o
 .comment       0x0000000000000053       0x54 ./Drivers/STM32F4xx_HAL_Driver/Src/stm32f4xx_hal_i2c.o
 .comment       0x0000000000000053       0x54 ./Drivers/STM32F4xx_HAL_Driver/Src/stm32f4xx_hal_rcc.o
 .comment       0x0000000000000053       0x54 ./Drivers/STM32F4xx_HAL_Driver/Src/stm32f4xx_hal_tim.o
 .comment       0x0000000000000053       0x54 ./Drivers/STM32F4xx_HAL_Driver/Src/stm32f4xx_hal_tim_ex.o
 .comment       0x0000000000000053       0x54 ./Drivers/STM32F4xx_HAL_Driver/Src/stm32f4xx_hal_uart.o

.debug_frame    0x0000000000000000     0x3e94
 .debug_frame   0x0000000000000000      0x158 ./Core/Src/MPUXX50.o
 .debug_frame   0x0000000000000158       0x34 ./Core/Src/gpio.o
 .debug_frame   0x000000000000018c       0x74 ./Core/Src/i2c.o
 .debug_frame   0x0000000000000200       0x90 ./Core/Src/main.o
 .debug_frame   0x0000000000000290       0x34 ./Core/Src/stm32f4xx_hal_msp.o
 .debug_frame   0x00000000000002c4      0x120 ./Core/Src/stm32f4xx_it.o
 .debug_frame   0x00000000000003e4       0x58 ./Core/Src/system_stm32f4xx.o
 .debug_frame   0x000000000000043c       0x74 ./Core/Src/tim.o
 .debug_frame   0x00000000000004b0       0x74 ./Core/Src/usart.o
 .debug_frame   0x0000000000000524      0x374 ./Drivers/STM32F4xx_HAL_Driver/Src/stm32f4xx_hal.o
 .debug_frame   0x0000000000000898      0x498 ./Drivers/STM32F4xx_HAL_Driver/Src/stm32f4xx_hal_cortex.o
 .debug_frame   0x0000000000000d30      0x14c ./Drivers/STM32F4xx_HAL_Driver/Src/stm32f4xx_hal_gpio.o
 .debug_frame   0x0000000000000e7c      0xc5c ./Drivers/STM32F4xx_HAL_Driver/Src/stm32f4xx_hal_i2c.o
 .debug_frame   0x0000000000001ad8      0x1f0 ./Drivers/STM32F4xx_HAL_Driver/Src/stm32f4xx_hal_rcc.o
 .debug_frame   0x0000000000001cc8     0x11bc ./Drivers/STM32F4xx_HAL_Driver/Src/stm32f4xx_hal_tim.o
 .debug_frame   0x0000000000002e84      0x638 ./Drivers/STM32F4xx_HAL_Driver/Src/stm32f4xx_hal_tim_ex.o
 .debug_frame   0x00000000000034bc      0x92c ./Drivers/STM32F4xx_HAL_Driver/Src/stm32f4xx_hal_uart.o
 .debug_frame   0x0000000000003de8       0x2c /Applications/STM32CubeIDE.app/Contents/Eclipse/plugins/com.st.stm32cube.ide.mcu.externaltools.gnu-tools-for-stm32.9-2020-q2-update.macos64_2.0.0.202105311346/tools/bin/../lib/gcc/arm-none-eabi/9.3.1/../../../../arm-none-eabi/lib/thumb/v7e-m+fp/hard/libc_nano.a(lib_a-init.o)
 .debug_frame   0x0000000000003e14       0x20 /Applications/STM32CubeIDE.app/Contents/Eclipse/plugins/com.st.stm32cube.ide.mcu.externaltools.gnu-tools-for-stm32.9-2020-q2-update.macos64_2.0.0.202105311346/tools/bin/../lib/gcc/arm-none-eabi/9.3.1/../../../../arm-none-eabi/lib/thumb/v7e-m+fp/hard/libc_nano.a(lib_a-memset.o)
 .debug_frame   0x0000000000003e34       0x2c /Applications/STM32CubeIDE.app/Contents/Eclipse/plugins/com.st.stm32cube.ide.mcu.externaltools.gnu-tools-for-stm32.9-2020-q2-update.macos64_2.0.0.202105311346/tools/bin/../lib/gcc/arm-none-eabi/9.3.1/thumb/v7e-m+fp/hard/libgcc.a(_aeabi_uldivmod.o)
 .debug_frame   0x0000000000003e60       0x34 /Applications/STM32CubeIDE.app/Contents/Eclipse/plugins/com.st.stm32cube.ide.mcu.externaltools.gnu-tools-for-stm32.9-2020-q2-update.macos64_2.0.0.202105311346/tools/bin/../lib/gcc/arm-none-eabi/9.3.1/thumb/v7e-m+fp/hard/libgcc.a(_udivmoddi4.o)
